2025-06-06 23:59:55,948 - INFO - Gider silindi - ID: 5
2025-06-07 00:01:38,087 - INFO - Giris basarili - Kullanici: admin
2025-06-07 00:01:57,513 - WARNING - Giris basarisiz - Kullanici: dene 
2025-06-07 00:02:03,076 - INFO - Giris basarili - Kullanici: admin
2025-06-07 00:21:32,053 - INFO - Giris basarili - Kullanici: admin
2025-06-07 00:32:03,659 - INFO - generated new fontManager
2025-06-07 00:33:36,793 - INFO - Giris basarili - Kullanici: admin
2025-06-07 00:33:38,432 - INFO - Using categorical units to plot a list of strings that are all parsable as floats or dates. If these strings should be plotted as numbers, cast to the appropriate data type before plotting.
2025-06-07 00:33:38,433 - INFO - Using categorical units to plot a list of strings that are all parsable as floats or dates. If these strings should be plotted as numbers, cast to the appropriate data type before plotting.
2025-06-07 00:34:49,669 - INFO - Giris basarili - Kullanici: admin 
2025-06-07 00:35:01,011 - INFO - Using categorical units to plot a list of strings that are all parsable as floats or dates. If these strings should be plotted as numbers, cast to the appropriate data type before plotting.
2025-06-07 00:35:01,011 - INFO - Using categorical units to plot a list of strings that are all parsable as floats or dates. If these strings should be plotted as numbers, cast to the appropriate data type before plotting.
2025-06-07 00:35:12,418 - INFO - Using categorical units to plot a list of strings that are all parsable as floats or dates. If these strings should be plotted as numbers, cast to the appropriate data type before plotting.
2025-06-07 00:35:12,419 - INFO - Using categorical units to plot a list of strings that are all parsable as floats or dates. If these strings should be plotted as numbers, cast to the appropriate data type before plotting.
2025-06-07 00:37:25,840 - INFO - Giris basarili - Kullanici: admin
2025-06-07 00:37:27,658 - INFO - Using categorical units to plot a list of strings that are all parsable as floats or dates. If these strings should be plotted as numbers, cast to the appropriate data type before plotting.
2025-06-07 00:37:27,658 - INFO - Using categorical units to plot a list of strings that are all parsable as floats or dates. If these strings should be plotted as numbers, cast to the appropriate data type before plotting.
2025-06-07 00:56:49,598 - INFO - Giris basarili - Kullanici: admin
2025-06-07 00:56:52,351 - INFO - Using categorical units to plot a list of strings that are all parsable as floats or dates. If these strings should be plotted as numbers, cast to the appropriate data type before plotting.
2025-06-07 00:56:52,351 - INFO - Using categorical units to plot a list of strings that are all parsable as floats or dates. If these strings should be plotted as numbers, cast to the appropriate data type before plotting.
2025-06-07 00:56:57,347 - INFO - Using categorical units to plot a list of strings that are all parsable as floats or dates. If these strings should be plotted as numbers, cast to the appropriate data type before plotting.
2025-06-07 00:56:57,347 - INFO - Using categorical units to plot a list of strings that are all parsable as floats or dates. If these strings should be plotted as numbers, cast to the appropriate data type before plotting.
2025-06-07 01:01:36,512 - INFO - Giris basarili - Kullanici: admin
2025-06-07 01:01:43,150 - INFO - Using categorical units to plot a list of strings that are all parsable as floats or dates. If these strings should be plotted as numbers, cast to the appropriate data type before plotting.
2025-06-07 01:01:43,151 - INFO - Using categorical units to plot a list of strings that are all parsable as floats or dates. If these strings should be plotted as numbers, cast to the appropriate data type before plotting.
2025-06-07 01:03:35,541 - INFO - Gider eklendi - Odeme Turu ID: 12, Kalem ID: 23, Hesap ID: 27, Tutar: 7000.0, Tarih: 2025-06-07, Aciklama: TelsizTelsiz
2025-06-07 01:03:46,085 - INFO - Gider guncellendi - ID: 20, Yeni Tutar: 8000.0, Tarih: 2025-06-07, Aciklama: TelsizTelsiz
2025-06-07 01:04:03,652 - INFO - Using categorical units to plot a list of strings that are all parsable as floats or dates. If these strings should be plotted as numbers, cast to the appropriate data type before plotting.
2025-06-07 01:04:03,653 - INFO - Using categorical units to plot a list of strings that are all parsable as floats or dates. If these strings should be plotted as numbers, cast to the appropriate data type before plotting.
2025-06-07 01:04:58,727 - INFO - Gider eklendi - Odeme Turu ID: 12, Kalem ID: 23, Hesap ID: 27, Tutar: 500000.0, Tarih: 2025-04-11, Aciklama: ss
2025-06-07 01:05:00,870 - INFO - Using categorical units to plot a list of strings that are all parsable as floats or dates. If these strings should be plotted as numbers, cast to the appropriate data type before plotting.
2025-06-07 01:05:00,871 - INFO - Using categorical units to plot a list of strings that are all parsable as floats or dates. If these strings should be plotted as numbers, cast to the appropriate data type before plotting.
2025-06-07 01:05:15,062 - INFO - Gider silindi - ID: 21
2025-06-07 01:05:24,275 - INFO - Using categorical units to plot a list of strings that are all parsable as floats or dates. If these strings should be plotted as numbers, cast to the appropriate data type before plotting.
2025-06-07 01:05:24,275 - INFO - Using categorical units to plot a list of strings that are all parsable as floats or dates. If these strings should be plotted as numbers, cast to the appropriate data type before plotting.
2025-06-07 01:08:34,564 - INFO - Giris basarili - Kullanici: admin
2025-06-07 01:50:49,579 - INFO - Giris basarili - Kullanici: admin
2025-06-07 01:53:06,994 - INFO - Giris basarili - Kullanici: admin
2025-06-07 01:54:09,021 - INFO - Giris basarili - Kullanici: admin
2025-06-07 01:55:44,274 - INFO - Giris basarili - Kullanici: admin
2025-06-07 02:16:30,607 - INFO - Giris basarili - Kullanici: admin
2025-06-07 02:20:48,569 - WARNING - Giris basarisiz - Kullanici: normal_user
2025-06-07 02:23:46,545 - WARNING - Giris basarisiz - Kullanici: izeyici1
2025-06-07 02:23:57,241 - WARNING - Giris basarisiz - Kullanici: izeyici1
2025-06-07 02:24:06,037 - INFO - Giris basarili - Kullanici: admin1
2025-06-07 02:24:28,675 - INFO - Giris basarili - Kullanici: kullanici1
2025-06-07 02:24:38,143 - INFO - Gider silindi - ID: 4
2025-06-07 02:25:24,508 - INFO - Giris basarili - Kullanici: izleyici1
2025-06-07 02:25:31,316 - INFO - Using categorical units to plot a list of strings that are all parsable as floats or dates. If these strings should be plotted as numbers, cast to the appropriate data type before plotting.
2025-06-07 02:25:31,316 - INFO - Using categorical units to plot a list of strings that are all parsable as floats or dates. If these strings should be plotted as numbers, cast to the appropriate data type before plotting.
2025-06-07 02:31:12,935 - INFO - Giris basarili - Kullanici: admin
2025-06-07 02:35:52,592 - INFO - Giris basarili - Kullanici: admin1
2025-06-07 02:36:13,042 - INFO - Giris basarili - Kullanici: kullanici1
2025-06-07 02:37:41,426 - WARNING - Giris basarisiz - Kullanici: izleyici1
2025-06-07 02:37:49,153 - INFO - Giris basarili - Kullanici: izleyici1
2025-06-07 02:56:17,147 - INFO - Giris basarili - Kullanici: admin
2025-06-07 02:57:16,957 - INFO - Giris basarili - Kullanici: admin
2025-06-07 02:57:48,132 - INFO - Giris basarili - Kullanici: admin1
2025-06-07 02:58:44,286 - INFO - Giris basarili - Kullanici: admin1
2025-06-07 02:59:39,120 - INFO - Giris basarili - Kullanici: admin1
2025-06-07 03:18:41,555 - INFO - Giris basarili - Kullanici: admin1
2025-06-07 03:19:54,036 - INFO - Giris basarili - Kullanici: admin1
2025-06-07 03:23:55,391 - INFO - Giris basarili - Kullanici: admin1
2025-06-07 03:26:58,264 - INFO - Giris basarili - Kullanici: admin1
2025-06-07 03:29:12,337 - INFO - Gider eklendi - Odeme Turu ID: 1, Kalem ID: 24, Hesap ID: 28, Tutar: 3021.0, Tarih: 2025-06-21, Aciklama: BuBirDenemedir
2025-06-07 03:32:10,670 - WARNING - Giris basarisiz - Kullanici: admin
2025-06-07 03:32:13,862 - INFO - Giris basarili - Kullanici: admin1
2025-06-07 03:32:22,142 - INFO - Gider silindi - ID: 13
2025-06-07 03:32:25,836 - INFO - Gider silindi - ID: 9
2025-06-07 03:32:51,084 - INFO - Gider eklendi - Odeme Turu ID: 12, Kalem ID: 23, Hesap ID: 27, Tutar: 6542.0, Tarih: 2025-06-22, Aciklama: TelsizTelkom
2025-06-07 03:33:09,477 - INFO - Using categorical units to plot a list of strings that are all parsable as floats or dates. If these strings should be plotted as numbers, cast to the appropriate data type before plotting.
2025-06-07 03:33:09,477 - INFO - Using categorical units to plot a list of strings that are all parsable as floats or dates. If these strings should be plotted as numbers, cast to the appropriate data type before plotting.
2025-06-07 03:33:13,048 - INFO - Using categorical units to plot a list of strings that are all parsable as floats or dates. If these strings should be plotted as numbers, cast to the appropriate data type before plotting.
2025-06-07 03:33:13,048 - INFO - Using categorical units to plot a list of strings that are all parsable as floats or dates. If these strings should be plotted as numbers, cast to the appropriate data type before plotting.
2025-06-07 03:33:19,090 - INFO - Using categorical units to plot a list of strings that are all parsable as floats or dates. If these strings should be plotted as numbers, cast to the appropriate data type before plotting.
2025-06-07 03:33:19,090 - INFO - Using categorical units to plot a list of strings that are all parsable as floats or dates. If these strings should be plotted as numbers, cast to the appropriate data type before plotting.
2025-06-07 03:41:54,568 - INFO - Giris basarili - Kullanici: admin1
2025-06-07 03:42:29,651 - INFO - Giris basarili - Kullanici: admin1
2025-06-07 03:47:15,878 - INFO - Giris basarili - Kullanici: admin1
2025-06-07 03:48:09,262 - INFO - Giris basarili - Kullanici: admin1
2025-06-07 03:51:53,022 - INFO - Giris basarili - Kullanici: admin1
2025-06-07 04:10:10,360 - INFO - Giris basarili - Kullanici: admin1
2025-06-07 04:10:38,117 - INFO - Import Islemi Basarili
2025-06-07 12:39:53,060 - INFO - Giris basarili - Kullanici: admin1
2025-06-07 12:41:28,534 - WARNING - Giris basarisiz - Kullanici: kullanýcý1
2025-06-07 12:41:42,750 - INFO - Giris basarili - Kullanici: kullanici1
2025-06-07 12:43:33,254 - INFO - Giris basarili - Kullanici: izleyici1
2025-06-07 12:44:10,054 - INFO - Giris basarili - Kullanici: admin1
2025-06-07 12:50:45,611 - INFO - Using categorical units to plot a list of strings that are all parsable as floats or dates. If these strings should be plotted as numbers, cast to the appropriate data type before plotting.
2025-06-07 12:50:45,611 - INFO - Using categorical units to plot a list of strings that are all parsable as floats or dates. If these strings should be plotted as numbers, cast to the appropriate data type before plotting.
2025-06-07 12:59:26,968 - INFO - Giris basarili - Kullanici: admin1
2025-06-07 13:04:06,699 - INFO - Import Islemi Basarili
2025-06-07 13:05:53,874 - INFO - Import Islemi Basarili
2025-06-07 13:17:10,265 - INFO - generated new fontManager
2025-06-13 16:54:55,395 - WARNING - Giris basarisiz - Kullanici: admin1
2025-06-13 16:55:27,575 - INFO - Giris basarili - Kullanici: admin1
2025-06-13 16:58:47,907 - INFO - Giris basarili - Kullanici: admin1
2025-06-13 17:00:55,795 - INFO - Gider eklendi - Odeme Turu ID: 4, Kalem ID: 7, Hesap ID: 32, Tutar: 123123.0, Tarih: 2025-06-13, Aciklama: Bu Bir Denemedir
2025-06-13 17:24:02,245 - INFO - Import Islemi Basarili
2025-06-13 17:24:24,460 - INFO - Import Islemi Basarili
2025-06-13 17:26:35,948 - INFO - Giris basarili - Kullanici: admin1
2025-06-13 17:27:54,225 - INFO - Using categorical units to plot a list of strings that are all parsable as floats or dates. If these strings should be plotted as numbers, cast to the appropriate data type before plotting.
2025-06-13 17:27:54,226 - INFO - Using categorical units to plot a list of strings that are all parsable as floats or dates. If these strings should be plotted as numbers, cast to the appropriate data type before plotting.
2025-06-13 17:52:29,528 - INFO - Giris basarili - Kullanici: admin1
2025-06-13 17:54:23,900 - INFO - Import Islemi Basarili
2025-06-13 17:54:51,314 - INFO - Import Islemi Basarili
2025-06-13 18:03:25,754 - WARNING - Giris basarisiz - Kullanici: amin1
2025-06-13 18:03:31,421 - WARNING - Giris basarisiz - Kullanici: amin1
2025-06-13 18:03:32,294 - WARNING - Giris basarisiz - Kullanici: amin1
2025-06-13 18:03:35,637 - INFO - Giris basarili - Kullanici: admin1
2025-06-13 18:04:02,668 - WARNING - Giris basarisiz - Kullanici: kullanýcý1
2025-06-13 18:04:21,324 - INFO - Giris basarili - Kullanici: kullanici1
2025-06-13 18:04:57,278 - INFO - Giris basarili - Kullanici: izleyici1
2025-06-13 18:05:02,499 - INFO - Using categorical units to plot a list of strings that are all parsable as floats or dates. If these strings should be plotted as numbers, cast to the appropriate data type before plotting.
2025-06-13 18:05:02,499 - INFO - Using categorical units to plot a list of strings that are all parsable as floats or dates. If these strings should be plotted as numbers, cast to the appropriate data type before plotting.
2025-06-13 18:05:21,789 - WARNING - Giris basarisiz - Kullanici: admin123
2025-06-13 18:05:22,547 - WARNING - Giris basarisiz - Kullanici: admin123
2025-06-13 18:05:28,458 - INFO - Giris basarili - Kullanici: admin1
2025-06-14 01:48:25,209 - INFO - Giris basarili - Kullanici: admin1
2025-06-14 01:56:27,761 - INFO - Giris basarili - Kullanici: admin1
2025-06-14 01:56:57,216 - INFO - Giris basarili - Kullanici: admin1
2025-06-14 02:21:38,044 - INFO - Giris basarili - Kullanici: admin1
2025-06-14 02:37:58,310 - INFO - Giris basarili - Kullanici: admin1
2025-06-14 02:38:20,986 - INFO - Giris basarili - Kullanici: kullanici1
2025-06-14 02:39:00,311 - INFO - Giris basarili - Kullanici: izleyici1
2025-06-14 02:41:19,025 - INFO - Giris basarili - Kullanici: admin1
2025-06-14 02:47:57,851 - INFO - Giris basarili - Kullanici: admin1
2025-06-14 02:50:25,442 - INFO - Giris basarili - Kullanici: admin1
2025-06-14 02:51:40,142 - INFO - Giris basarili - Kullanici: admin1
2025-06-14 02:52:49,476 - INFO - Giris basarili - Kullanici: admin1
2025-06-14 02:53:15,517 - INFO - Giris basarili - Kullanici: admin1
2025-06-14 02:55:30,885 - INFO - Giris basarili - Kullanici: admin1
2025-06-14 03:08:24,020 - INFO - Giris basarili - Kullanici: admin1
2025-06-14 03:10:19,126 - INFO - Giris basarili - Kullanici: admin1
2025-06-14 03:10:34,431 - INFO - Gider silindi - ID: 28
2025-06-14 03:12:17,586 - INFO - Giris basarili - Kullanici: admin1
2025-06-14 03:12:27,362 - INFO - Gider guncellendi - ID: 27, Yeni Tutar: 150.0, Tarih: 2024-06-19, Aciklama: Tesst222
2025-06-14 03:12:35,306 - INFO - Gider guncellendi - ID: 27, Yeni Tutar: 150.0, Tarih: 2024-06-19, Aciklama: Tesst22222
2025-06-14 03:13:56,211 - INFO - Giris basarili - Kullanici: admin1
2025-06-14 03:19:54,385 - INFO - Giris basarili - Kullanici: admin1
2025-06-14 03:20:05,568 - INFO - Gider guncellendi - ID: 25, Yeni Tutar: 150.0, Tarih: 2024-06-19, Aciklama: Tesst2222
2025-06-14 03:20:19,061 - INFO - Gider guncellendi - ID: 25, Yeni Tutar: 150.0, Tarih: 2024-06-19, Aciklama: Tesst1312
2025-06-14 03:22:59,825 - INFO - Giris basarili - Kullanici: admin1
2025-06-14 03:24:22,112 - INFO - Gider guncellendi - ID: 20, Yeni Tutar: 8000.0, Tarih: 2025-06-07, Aciklama: TelsizTelsiz1312
2025-06-14 03:24:41,082 - INFO - Gider guncellendi - ID: 23, Yeni Tutar: 6542.0, Tarih: 2025-06-22, Aciklama: TelsizTelkom1312
2025-06-14 03:25:32,523 - INFO - Giris basarili - Kullanici: admin1
2025-06-14 03:29:39,519 - INFO - Giris basarili - Kullanici: admin1
2025-06-14 03:30:06,647 - INFO - Giris basarili - Kullanici: admin1
2025-06-14 03:30:46,986 - INFO - Giris basarili - Kullanici: admin1
2025-06-30 20:27:46,350 - INFO - Giris basarili - Kullanici: admin1
2025-06-30 21:24:13,002 - INFO - Giris basarili - Kullanici: admin1
2025-07-01 02:09:35,570 - WARNING - Giris basarisiz - Kullanici: admin1
2025-07-01 02:09:38,979 - INFO - Giris basarili - Kullanici: admin1
2025-07-01 02:15:52,294 - INFO - Gider eklendi - Odeme Turu ID: 4, Kalem ID: 7, Hesap ID: 31, Tutar: 1312.0, Tarih: 2025-07-01, Aciklama: Bu bir Denemedir.
2025-07-01 02:17:48,266 - INFO - Using categorical units to plot a list of strings that are all parsable as floats or dates. If these strings should be plotted as numbers, cast to the appropriate data type before plotting.
2025-07-01 02:17:48,266 - INFO - Using categorical units to plot a list of strings that are all parsable as floats or dates. If these strings should be plotted as numbers, cast to the appropriate data type before plotting.
2025-07-01 02:51:10,914 - INFO - Giris basarili - Kullanici: admin1
2025-07-01 02:57:15,952 - INFO - Giris basarili - Kullanici: admin1
2025-07-01 03:20:20,542 - INFO - Giris basarili - Kullanici: admin1
2025-07-01 03:23:30,986 - INFO - Giris basarili - Kullanici: admin1
2025-07-01 03:23:52,833 - INFO - Giris basarili - Kullanici: admin1
2025-07-01 03:25:27,316 - INFO - Giris basarili - Kullanici: admin1
2025-07-01 03:29:02,549 - INFO - Gider eklendi - Odeme Turu ID: 13, Kalem ID: 26, Hesap ID: 33, Tutar: 1000.0, Tarih: 2025-01-01, Aciklama: KASKO
2025-07-01 03:29:35,532 - INFO - Gider eklendi - Odeme Turu ID: 13, Kalem ID: 26, Hesap ID: 34, Tutar: 2000.0, Tarih: 2025-01-02, Aciklama: BAKIM
2025-07-01 03:29:51,661 - INFO - Gider eklendi - Odeme Turu ID: 13, Kalem ID: 26, Hesap ID: 35, Tutar: 3000.0, Tarih: 2025-01-03, Aciklama: HGS
2025-07-01 03:35:14,791 - WARNING - Giris basarisiz - Kullanici: admin1
2025-07-01 03:35:18,548 - INFO - Giris basarili - Kullanici: admin1
2025-07-01 03:39:53,065 - INFO - Gider eklendi - Odeme Turu ID: 13, Kalem ID: 28, Hesap ID: 38, Tutar: 1002.0, Tarih: 2025-07-01, Aciklama: BI ANALYTICS
2025-07-01 03:40:20,221 - INFO - Gider eklendi - Odeme Turu ID: 13, Kalem ID: 28, Hesap ID: 39, Tutar: 1312.0, Tarih: 2025-01-02, Aciklama: BI ANALYTICS
2025-07-01 03:40:36,161 - INFO - Gider eklendi - Odeme Turu ID: 13, Kalem ID: 28, Hesap ID: 38, Tutar: 1312.0, Tarih: 2025-01-01, Aciklama: BI ANALYTICS
2025-07-01 03:40:58,091 - INFO - Gider eklendi - Odeme Turu ID: 13, Kalem ID: 28, Hesap ID: 40, Tutar: 123.0, Tarih: 2025-07-03, Aciklama: BI ANALYTICS
2025-07-01 03:44:01,248 - INFO - Giris basarili - Kullanici: admin1
2025-07-01 03:46:15,814 - WARNING - Giris basarisiz - Kullanici: admin1
2025-07-01 03:46:21,370 - INFO - Giris basarili - Kullanici: admin1
2025-07-01 03:49:52,724 - INFO - Giris basarili - Kullanici: admin1
2025-07-01 03:52:19,963 - INFO - Giris basarili - Kullanici: admin1
